
Running 1 test using 1 worker

[1A[2K[1/1] [chromium] ΓÇ║ tests\happy-flow-1.spec.ts:11:3 ΓÇ║ ╤à╨╡╨┐╤û ╤ä╨╗╨╛╤â ΓÇ║ ╤à╨╡╨┐╤û ╤ä╨╗╨╛╤â 1 @inProgress @HF-1
[1A[2K  1) [chromium] ΓÇ║ tests\happy-flow-1.spec.ts:11:3 ΓÇ║ ╤à╨╡╨┐╤û ╤ä╨╗╨╛╤â ΓÇ║ ╤à╨╡╨┐╤û ╤ä╨╗╨╛╤â 1 @inProgress @HF-1 ΓÇ║ ╨ô╤Ç╨░╨▓╨╡╤å╤î ╤Ç╨╛╨▒╨╕╤é╤î ╨┐╨╡╤Ç╤ê╤û ╤à╨╛╨┤╨╕, ╤ë╨╛╨▒ ╨╖╨░╨▒╨╗╨╛╨║╤â╨▓╨░╤é╨╕ ╨║╨╛╨╝╨┐'╤Ä╤é╨╡╤Ç 

    Error: [2mexpect([22m[31mlocator[39m[2m).[22mtoBeVisible[2m()[22m failed

    Locator:  locator('.control-btn.center-info.computer-move-display')
    Expected: visible
    Received: <element(s) not found>
    Timeout:  5000ms

    Call log:
    [2m  - Expect "toBeVisible" with timeout 5000ms[22m
    [2m  - waiting for locator('.control-btn.center-info.computer-move-display')[22m


       at utils.ts:93

      91 |   // ╨»╨║╤ë╨╛ ╨╛╤ç╤û╨║╤â╤ö╤é╤î╤ü╤Å ╤à╤û╨┤ ╨║╨╛╨╝╨┐'╤Ä╤é╨╡╤Ç╨░, ╨┐╨╡╤Ç╨╡╨▓╤û╤Ç╤Å╤ö╨╝╨╛ ╨╣╨╛╨│╨╛ ╨▓╨╕╨┤╨╕╨╝╤û╤ü╤é╤î
      92 |   if (expectComputerMove) {
    > 93 |     await expect(page.locator('.control-btn.center-info.computer-move-display')).toBeVisible();
         |                                                                                  ^
      94 |   }
      95 | }
      96 |
        at makeMove (C:\Users\ozapolnov\Documents\code\study\Stay_on_the_board\tests\utils.ts:93:82)
        at C:\Users\ozapolnov\Documents\code\study\Stay_on_the_board\tests\happy-flow-1.spec.ts:21:7
        at C:\Users\ozapolnov\Documents\code\study\Stay_on_the_board\tests\happy-flow-1.spec.ts:20:5

    Error Context: test-results\happy-flow-1-╤à╨╡╨┐╤û-╤ä╨╗╨╛╤â-╤à╨╡╨┐╤û-╤ä╨╗╨╛╤â-1-chromium\error-context.md


[1A[2K  1 failed
    [chromium] ΓÇ║ tests\happy-flow-1.spec.ts:11:3 ΓÇ║ ╤à╨╡╨┐╤û ╤ä╨╗╨╛╤â ΓÇ║ ╤à╨╡╨┐╤û ╤ä╨╗╨╛╤â 1 @inProgress @HF-1 ΓöÇΓöÇΓöÇΓöÇΓöÇΓöÇΓöÇ

[36m  Serving HTML report at http://localhost:62785. Press Ctrl+C to quit.[39m
